Exception in thread Thread-1:
Traceback (most recent call last):
  File "C:\Users\yohoten\AppData\Local\Programs\Python\Python39\lib\threading.py", line 980, in _bootstrap_inner
    self.run()
  File "C:\Users\yohoten\AppData\Local\Programs\Python\Python39\lib\threading.py", line 917, in run
    self._target(*self._args, **self._kwargs)
  File "C:\Users\yohoten\AppData\Local\Programs\Python\Python39\lib\subprocess.py", line 1479, in _readerthread
    buffer.append(fh.read())
  File "C:\Users\yohoten\AppData\Local\Programs\Python\Python39\lib\codecs.py", line 322, in decode
    (result, consumed) = self._buffer_decode(data, self.errors, final)
UnicodeDecodeError: 'utf-8' codec can't decode byte 0xb3 in position 0: invalid start byte
=== ACRPA 应用启动存活验证 (run.py) ===
解释器: d:\CodingEmber\ACRPA\.venv\Scripts\python.exe
解释器存在: True
工作目录(cwd): d:\CodingEmber\ACRPA
子进程日志: d:\CodingEmber\ACRPA\tools\_smoke_result_phase2\_smoke_launch_app_child.log
----------------------------------------------------------------
已启动 run.py, PID=13576
[t=2.0s] alive=True
[t=4.1s] alive=True
[t=6.1s] alive=True
[t=8.2s] alive=True
[t=10.2s] 进程仍存活 (>= 10s 阈值)
[t=10.2s] alive=True
[t=12.2s] alive=True
[t=14.3s] alive=True
[t=15.3s] 达到最长轮询 15s，进程仍存活
----------------------------------------------------------------
[清理] 强制终止进程树 PID=13576 (taskkill /F /T)
taskkill rc=0 out= err=
[清理] 终止后 poll()=1
----------------------------------------------------------------
判定: 启动成功（GUI 已建窗）
存活至阈值(>=10s): True
子进程输出含 Traceback: False
----------------------------------------------------------------
子进程 stdout/stderr 全文:
<<<CHILD_OUT_BEGIN>>>
(空)
<<<CHILD_OUT_END>>>
=== 结果: OK (rc=0) ===
