=== ACRPA UI 显示/体验结构化验证 (introspect) ===
cwd(py): d:\CodingEmber\ACRPA
src 已加入 sys.path
----------------------------------------------------------------
[IMPORT] import ACRPA ...
[IMPORT] ACRPA 导入完成, root=<tkinter.Tk object .>
----------------------------------------------------------------
=== [A] 主窗口 ===
[MAIN] title='A/C RPA'
[MAIN] geometry='1250x850+655+250' size=1250x850 req=897x703
[MAIN] state='normal'
[MAIN] tk_scaling=1.6662566625666255 dpi_factor=1.2496924969249692
[MAIN] utils.current_ui_scale=1.0 state.UI_SCALE=1.0
[MAIN] 内容需求-实际: reqw-w=-353 reqh-h=-147  -> OK(未超窗)
[MAIN] minsize=(640, 520)
[MAIN] compact_mode=False
----------------------------------------------------------------
=== [B] 命名字体 (_FONT_SPECS 角色) ===
[FONT] ACRPA_TITLE        family='Microsoft YaHei UI' size=10 weight='bold' base=('Microsoft YaHei UI', 10, 'bold') OK
[FONT] ACRPA_BODY         family='Microsoft YaHei UI' size=9 weight='normal' base=('Microsoft YaHei UI', 9, 'normal') OK
[FONT] ACRPA_SMALL        family='Microsoft YaHei UI' size=8 weight='normal' base=('Microsoft YaHei UI', 8, 'normal') OK
[FONT] ACRPA_SMALL_BOLD   family='Microsoft YaHei UI' size=8 weight='bold' base=('Microsoft YaHei UI', 8, 'bold') OK
[FONT] ACRPA_TINY         family='Microsoft YaHei UI' size=7 weight='normal' base=('Microsoft YaHei UI', 7, 'normal') OK
[FONT] ACRPA_BUTTON       family='Microsoft YaHei UI' size=9 weight='bold' base=('Microsoft YaHei UI', 9, 'bold') OK
[FONT] ACRPA_LOG          family='Consolas' size=9 weight='normal' base=('Consolas', 9, 'normal') OK
[FONT] ACRPA_ICON         family='Segoe UI Symbol' size=9 weight='normal' base=('Segoe UI Symbol', 9, 'normal') OK
[FONT] ACRPA_ICON_MD      family='Segoe UI Symbol' size=11 weight='normal' base=('Segoe UI Symbol', 11, 'normal') OK
[FONT] ACRPA_ICON_LG      family='Segoe UI Symbol' size=12 weight='normal' base=('Segoe UI Symbol', 12, 'normal') OK
----------------------------------------------------------------
=== [C] 顶层窗口 / 标签页清单 ===
[TOPLEVEL] (无独立 Toplevel 窗口 — 均按需打开)
[TAB] notebook#0 tabs(3)=['脚本编辑', '执行控制', '工作流']
----------------------------------------------------------------
=== [C2] 关键按需窗口打开入口 (模块级函数存在性) ===
[ENTRY] NetLink 窗口     netlink_window.open_netlink_window -> 存在
[ENTRY] 脚本市场窗口         market_window.open_market_window -> 存在
[ENTRY] 设置窗口           settings_window.open_settings_window -> 存在
----------------------------------------------------------------
=== [D] 可见控件几何溢出扫描 (req > actual) ===
[OVERFLOW] 已扫描控件数=169 ; 命中溢出(可见且req>actual)=0
----------------------------------------------------------------
=== [E] 屏幕 / DPI / 越界风险 ===
[SCREEN] screen=2560x1600  vroot=(0,0 2560x1600)
[SCREEN] tk_scaling=1.6662566625666255 dpi_factor=1.2496924969249692 ui_scale=1.0
[SCREEN] 主窗口右下角=(1916,1141) vs screen=(2560,1600) -> OK
----------------------------------------------------------------
=== [F] 主窗口截图 ===
[SHOT] bbox=(666, 291, 1916, 1141)
[SHOT] saved=d:\CodingEmber\ACRPA\tools\_ui_screenshots\app_main.png size=(1250, 850)
[SHOT] 结果: OK
----------------------------------------------------------------
=== 汇总 ===
[SUM] 主窗口 size=1250x850 req=897x703 超窗=False
[SUM] ui_scale=1.0 dpi=1.2496924969249692 tk_scaling=1.6662566625666255
[SUM] notebook_tabs=['脚本编辑', '执行控制', '工作流']
[SUM] 控件溢出命中=0
=== 结果: OK (introspect 完成) ===
