=== ACRPA 显示大小与字体缩放 (pt 制) 自测 ===
--- A. utils.py 静态 AST 断言 ---
[OK] utils.py 存在 def init_fonts()
[OK] utils.py 存在 def font()
[OK] utils.py 存在 def set_ui_scale()
[OK] utils.py 存在 def scaled()
[OK] utils.py 存在 def dpi_factor()
[OK] utils.py 存在 def fit_pt()
[OK] utils.py 存在 def current_ui_scale()
[OK] utils.py 存在 _FONT_SPECS
[OK] utils.py 存在 UI_SCALE_DEFAULT
[OK] utils.py 存在 UI_SCALE_MIN
[OK] utils.py 存在 UI_SCALE_MAX
[OK] 缩放常量 = 默认 1.0 / 下限 0.8 / 上限 1.5
[OK] FONT_* 常量均为字符串角色名 (非元组)
[OK] _FONT_SPECS 含 10 个角色 (含全部必需角色)
--- B. 字体角色名可解析性 ---
[OK] src/utils.py 的 FONT_* 引用全部已绑定 (FONT_BODY, FONT_BUTTON, FONT_ICON, FONT_ICON_LG, FONT_ICON_MD, FONT_LOG, FONT_SMALL, FONT_SMALL_BOLD, FONT_TINY, FONT_TITLE)
[OK] src/ACRPA.py 的 FONT_* 引用全部已绑定 (FONT_BODY, FONT_BUTTON, FONT_ICON, FONT_ICON_LG, FONT_ICON_MD, FONT_LOG, FONT_SMALL, FONT_SMALL_BOLD, FONT_TINY, FONT_TITLE)
[OK] src/settings_window.py 的 FONT_* 引用全部已绑定 (FONT_BODY, FONT_BUTTON, FONT_ICON, FONT_SMALL, FONT_SMALL_BOLD, FONT_TINY, FONT_TITLE)
[OK] src/dialogs.py 的 FONT_* 引用全部已绑定 (FONT_BODY, FONT_BUTTON, FONT_LOG, FONT_SMALL, FONT_TINY, FONT_TITLE)
[OK] src/tray.py 的 FONT_* 引用全部已绑定 (仅用 utils.FONT_* 属性式)
[OK] src/netlink_window.py 的 FONT_* 引用全部已绑定 (仅用 utils.FONT_* 属性式)
--- B2. 元组解包残留扫描 ---
[OK] src/ 内已无 (*FONT_ , ...) 元组解包 (3 处已迁移)
[OK] src/ 内已无 FONT_*[i] 下标式解构 (settings_window 键帽处已修正)
--- C. 动态断言 (真实 Tk root) ---
[INFO] dpi_factor() 实测值 = 0.9997539975399753 (供 DPI 档位决策)
[OK] utils.font('ACRPA_BODY') 返回命名字符串
[OK] utils.font(未知角色) 回退 FONT_BODY
[FAIL] 动态断言异常: TypeError("nametofont() got an unexpected keyword argument 'root'")
--- D. 硬编码字体元组替换计数校验 ---
[OK] 剩余硬编码字体元组 5 处, 全部命中白名单 (4 条白名单条目已用)
[INFO] 白名单 src/ACRPA.py :: tools/_smoke_dark_mode.py:191 与 tools/_test_ai_provider.py:484 断言该 font 必须为含 11 的元组字面量, 改角色名会打破既有回归
[INFO] 白名单 src/ACRPA.py :: 录制动作计数 = 等宽粗体; _FONT_SPECS 未定义 mono-bold 角色, 保留原视觉
[INFO] 白名单 src/netlink_window.py :: 配对码 28pt 大字, 无对应角色, 保留原视觉
[INFO] 白名单 src/settings_window.py :: 快捷键键帽 (等宽粗体), 无 mono-bold 角色
    合计: 剩余 5 处 (白名单 5 处, 白名单条目 4 条)
--- E. 守护断言 ---
[OK] git diff --stat -- src/workflow.py 为空 (workflow.py 未改动)
[OK] 守护: NetLink 块 '_nl_hook_run' 出现 1 次
[OK] 守护: NetLink 块 'open_devlink' 出现 1 次
[OK] 守护: NetLink 块 'set_control_hooks' 出现 1 次
[OK] 守护: NetLink 块 'start_netlink' 出现 1 次
[OK] 守护: 存在 _mb_animate_width (Mini Bar 宽度动画)
[OK] 守护: _destroy_mini_bar 含 after_cancel (定时器可取消)
[OK] 守护: utils.themed 仍在
[OK] 守护: ai_client.PROVIDER_PRESETS 仍在
[OK] 守护: py_sandbox.precheck 仍在
[OK] 守护: devlink_btn 仍为 text='🌐' (保留元组字面量字号 11)
--- F. 依赖探测 ---
[OK] 依赖探测: python -c "import pyautogui, xlrd, pyperclip" 通过 (rc=0)
=== 结果: FAIL (1) ===
