=== 帮助系统渲染层冒烟 (_smoke_help_window.py) ===
[OK]   A1 帮助窗口可开（Toplevel 存活）
[OK]   A2 章节数 13 (>=13)
[OK]   A2 全部章节正文非空
[OK]   A3 命令集合一致（注册表 68 == 渲染 68）
[OK]   A4 分组全覆盖（68 条命令均归属某分组）
[OK]   A5 搜索 '循环' 命中命令: ['循环开始', '循环结束', '跳出循环']
[OK]   A5 搜索 'netlink' 命中章节 ['netlink', 'releases'] / 命令 []
[OK]   A6 主题跟随: text.bg #fdfdfd -> #1a2332 (nav #ffffff -> #1a2332)
[OK]   A7 渲染层使用 utils.scaled（同源令牌）
[OK]   A7 缩放生效: scaled(100) 100 -> 150（scale 1.0->1.5）
[OK]   A8 记忆几何恢复: 900x640+574+213 落在虚拟屏内
[OK]   A8 关闭写回几何: 900x640+574+213
[OK]   A8 越界回退居中: 900x640+574+213 落在虚拟屏内
[OK]   A9 本地 docs 链接走 os.startfile 并命中: ['netlink-总览与部署指南.md']
[OK]   A9 http 链接走浏览器（被拦截）: ['https://gitee.com/yohoten/acrpa']
[OK]   A9 失效链接返回 False 且给出可见提示（非静默崩溃）
[OK]   A11 show_help_dialog() 委托成功（legacy fallback 保留）
----------------------------------------------------------------
FAIL=0 | WARN=0
结论: PASS
