=== ACRPA 脚本市场 v2 批次2 (窗口 UI + 登录入口) 冒烟自测 ===
--- A. 静态断言 ---
[OK] market_window.py 无 hex 颜色字面量 (颜色全走 themed())
[OK] market_window.py themed( 调用 198 次 (颜色实时随主题)
[OK] market_window.py 使用 TOKENS 访问器: sp(, gap(, tk_px(
[OK] market_window.py padding 全部经 sp()/gap()/ctrl_h() 派生 (无魔法像素)
[OK] market_window.py 暴露 def open_market_window()
[OK] market_window.py 暴露 def open_marketplace()
[OK] market_window.py 暴露 def close_marketplace()
[OK] market_window.py 暴露 def retheme_marketplace()
[OK] market_window.py 上传占位已注明 Phase 3 且无未实现异常
[OK] ACRPA._open_marketplace 委托 market_window.open_market_window
[OK] ACRPA 新增 def _market_on_install(xls_path)
[OK] ACRPA script_dir 口径固定为 dirname(xls_path)
[OK] ACRPA 主题切换处调用 market_window.retheme_marketplace()
[OK] 工具栏「市场」按钮绑定保持不变
[OK] ACRPA 旧内联市场实现 (_refresh_script_list/_show_script_detail) 已移除
--- B. 动态断言 (真实 Tk + ACRPA) ---
[INFO] 导入 ACRPA (真实主程序)…
[OK] 市场窗口已创建 (open_market_window)
[OK] 四态→list：卡片数 = 4 (期望 4)
[OK] 搜索「财务」筛出 1 张卡片
[OK] 四态→empty：无匹配显示空态
[OK] 四态→error：在线失败进入错误态 (含重试)
[OK] 主题切换后列表底色 #1a2332 -> #ffffff (== themed('bgc'))
[OK] 主题切换后卡片底色 #1a2332 -> #ffffff (== themed('bgc'))
[INFO] ui_scale=1.0: 卡片=4 FONT_BODY=9pt 卡片pady=5 wraplength=475
[INFO] ui_scale=1.25: 卡片=4 FONT_BODY=11pt 卡片pady=6 wraplength=426
[INFO] ui_scale=1.5: 卡片=4 FONT_BODY=14pt 卡片pady=7 wraplength=375
[OK] 三档 ui_scale 下卡片重建、字体与间距同步变化
[OK] 账号区(未登录)：显示「登录」
[OK] 账号区(已登录)：头像='T tester001' 账户='已登录 gitee'
[OK] 控件文本/标题无 token 明文 (共扫描 66 处文本)
[OK] ACRPA.state.filename == 导入路径 (脚本模板.xls)
[OK] state.script_dir 口径 = dirname(xls) (d:\CodingEmber\ACRPA\template)
[OK] script_name_var 已更新为 脚本模板.xls
[OK] _market_on_install 已调用 _editor_load_xls(脚本模板.xls)
[OK] 编辑器已载入脚本 (tree 行数 = 89)
[OK] 导入完成后市场窗口已关闭
[OK] close_marketplace()/retheme_marketplace() 未开时安全 no-op
=== 结果: OK (FAIL=0 WARN=0) ===
