==================================================================
NetLink Phase2-2b remote-control UI integration smoke test
==================================================================
[OK]   0. A(被控端) start (tcp 19980)
[OK]   0b. B(控制端) start (tcp 19990)
[OK]   0c. netlink.get_node() 可用
[OK]   0d. open_netlink_window 成功
[OK]   0e. A.open_pair_window() 返回 6 位 PIN
[OK]   0f. 配对完成（AUTH_OK，A 白名单有 B / B 窗口 _authed 有 A）
[OK]   1. 配对后(perm=observe) [▶远程运行] disabled（权限不足）
[OK]   2. A.set_peer_perm(control) → B 收到 TOPIC_AUTH stage=perm 且 [▶远程运行]/[⏹停止] 可用
[OK]   3. 点[▶远程运行]（patched 确认）→ ≤2s fake_run 被调用 1 次
[OK]   4. 「远程指令」出现该指令：已受理 → 成功（合并为同一行）
[OK]   4b. 底部状态行摘要含「远程运行 成功」
[OK]   5a. 点[⏸暂停] → state.pause_event.is_set() is False
[OK]   5b. 暂停后按钮文案变为 [▶ 恢复]
[OK]   5c. 再点[▶恢复] → state.pause_event 重新 set
[OK]   6. 点[⏹停止] → fake_stop 被调用且 state.quit2 is True
[OK]   9. 未运行态(running=False) → [⏸暂停]/[⏹停止] disabled
[OK]   7. A.set_peer_perm(observe) → B 操控按钮重新 disabled
[OK]   8a. A.control.audit.tail(50) 非空且含 cmd=CMD_RUN
[OK]   8b. B 窗口 [📜审计日志] 弹窗存在且其 Text 内容非空
[OK]   8c. B 侧审计文本亦含 cmd=CMD_RUN（因 A/B 共用同一 CONFIG_PATH 下的审计文件）
[OK]   10. 未认证设备权限列=未认证 且四个按钮 disabled
[OK]   11. 两节点 stop 后 nl-* 线程收敛为 0 (实测 0.0s)
------------------------------------------------------------------
[OK]   总耗时 8.7s (< 50.0s)
warns=0
PASS (all assertions OK)
